// Jest Snapshot v1, https://goo.gl/fbAQLP

exports[`Home renders container 1`] = `
<div>
  <h1>
    Welcome home!
  </h1>
</div>
`;
