// Jest Snapshot v1, https://goo.gl/fbAQLP

exports[`SearchInput renders like expected (snapshot) 1`] = `
ShallowWrapper {
  Symbol(enzyme.__root__): [Circular],
  Symbol(enzyme.__unrendered__): <SearchInput
    handleSearchInput={[Function]}
    handleSubmitQuery={[Function]}
    query="Anna"
/>,
  Symbol(enzyme.__renderer__): Object {
    "batchedUpdates": [Function],
    "getNode": [Function],
    "render": [Function],
    "simulateError": [Function],
    "simulateEvent": [Function],
    "unmount": [Function],
  },
  Symbol(enzyme.__node__): Object {
    "instance": null,
    "key": undefined,
    "nodeType": "host",
    "props": Object {
      "children": <div
        className=""
>
        <form
                id="search-form"
                onSubmit={[Function]}
        >
                <div
                        className="input-group"
                >
                        <input
                                autoFocus={true}
                                className="input-group-field"
                                id="search-input-field"
                                onChange={[Function]}
                                placeholder="Search..."
                                type="search"
                                value="Anna"
                        />
                        <div
                                className="input-group-button"
                        >
                                <button
                                        className="button"
                                        type="submit"
                                >
                                        Search 
                                        <i
                                                className="fi-magnifying-glass"
                                        />
                                </button>
                        </div>
                </div>
        </form>
</div>,
      "className": "",
    },
    "ref": null,
    "rendered": Object {
      "instance": null,
      "key": undefined,
      "nodeType": "host",
      "props": Object {
        "children": <form
          id="search-form"
          onSubmit={[Function]}
>
          <div
                    className="input-group"
          >
                    <input
                              autoFocus={true}
                              className="input-group-field"
                              id="search-input-field"
                              onChange={[Function]}
                              placeholder="Search..."
                              type="search"
                              value="Anna"
                    />
                    <div
                              className="input-group-button"
                    >
                              <button
                                        className="button"
                                        type="submit"
                              >
                                        Search 
                                        <i
                                                  className="fi-magnifying-glass"
                                        />
                              </button>
                    </div>
          </div>
</form>,
        "className": "",
      },
      "ref": null,
      "rendered": Object {
        "instance": null,
        "key": undefined,
        "nodeType": "host",
        "props": Object {
          "children": <div
            className="input-group"
>
            <input
                        autoFocus={true}
                        className="input-group-field"
                        id="search-input-field"
                        onChange={[Function]}
                        placeholder="Search..."
                        type="search"
                        value="Anna"
            />
            <div
                        className="input-group-button"
            >
                        <button
                                    className="button"
                                    type="submit"
                        >
                                    Search 
                                    <i
                                                className="fi-magnifying-glass"
                                    />
                        </button>
            </div>
</div>,
          "id": "search-form",
          "onSubmit": [Function],
        },
        "ref": null,
        "rendered": Object {
          "instance": null,
          "key": undefined,
          "nodeType": "host",
          "props": Object {
            "children": Array [
              <input
                autoFocus={true}
                className="input-group-field"
                id="search-input-field"
                onChange={[Function]}
                placeholder="Search..."
                type="search"
                value="Anna"
/>,
              <div
                className="input-group-button"
>
                <button
                                className="button"
                                type="submit"
                >
                                Search 
                                <i
                                                className="fi-magnifying-glass"
                                />
                </button>
</div>,
            ],
            "className": "input-group",
          },
          "ref": null,
          "rendered": Array [
            Object {
              "instance": null,
              "key": undefined,
              "nodeType": "host",
              "props": Object {
                "autoFocus": true,
                "className": "input-group-field",
                "id": "search-input-field",
                "onChange": [Function],
                "placeholder": "Search...",
                "type": "search",
                "value": "Anna",
              },
              "ref": "searchInput",
              "rendered": null,
              "type": "input",
            },
            Object {
              "instance": null,
              "key": undefined,
              "nodeType": "host",
              "props": Object {
                "children": <button
                  className="button"
                  type="submit"
>
                  Search 
                  <i
                                    className="fi-magnifying-glass"
                  />
</button>,
                "className": "input-group-button",
              },
              "ref": null,
              "rendered": Object {
                "instance": null,
                "key": undefined,
                "nodeType": "host",
                "props": Object {
                  "children": Array [
                    "Search ",
                    <i
                      className="fi-magnifying-glass"
/>,
                  ],
                  "className": "button",
                  "type": "submit",
                },
                "ref": null,
                "rendered": Array [
                  "Search ",
                  Object {
                    "instance": null,
                    "key": undefined,
                    "nodeType": "host",
                    "props": Object {
                      "className": "fi-magnifying-glass",
                    },
                    "ref": null,
                    "rendered": null,
                    "type": "i",
                  },
                ],
                "type": "button",
              },
              "type": "div",
            },
          ],
          "type": "div",
        },
        "type": "form",
      },
      "type": "div",
    },
    "type": "div",
  },
  Symbol(enzyme.__nodes__): Array [
    Object {
      "instance": null,
      "key": undefined,
      "nodeType": "host",
      "props": Object {
        "children": <div
          className=""
>
          <form
                    id="search-form"
                    onSubmit={[Function]}
          >
                    <div
                              className="input-group"
                    >
                              <input
                                        autoFocus={true}
                                        className="input-group-field"
                                        id="search-input-field"
                                        onChange={[Function]}
                                        placeholder="Search..."
                                        type="search"
                                        value="Anna"
                              />
                              <div
                                        className="input-group-button"
                              >
                                        <button
                                                  className="button"
                                                  type="submit"
                                        >
                                                  Search 
                                                  <i
                                                            className="fi-magnifying-glass"
                                                  />
                                        </button>
                              </div>
                    </div>
          </form>
</div>,
        "className": "",
      },
      "ref": null,
      "rendered": Object {
        "instance": null,
        "key": undefined,
        "nodeType": "host",
        "props": Object {
          "children": <form
            id="search-form"
            onSubmit={[Function]}
>
            <div
                        className="input-group"
            >
                        <input
                                    autoFocus={true}
                                    className="input-group-field"
                                    id="search-input-field"
                                    onChange={[Function]}
                                    placeholder="Search..."
                                    type="search"
                                    value="Anna"
                        />
                        <div
                                    className="input-group-button"
                        >
                                    <button
                                                className="button"
                                                type="submit"
                                    >
                                                Search 
                                                <i
                                                            className="fi-magnifying-glass"
                                                />
                                    </button>
                        </div>
            </div>
</form>,
          "className": "",
        },
        "ref": null,
        "rendered": Object {
          "instance": null,
          "key": undefined,
          "nodeType": "host",
          "props": Object {
            "children": <div
              className="input-group"
>
              <input
                            autoFocus={true}
                            className="input-group-field"
                            id="search-input-field"
                            onChange={[Function]}
                            placeholder="Search..."
                            type="search"
                            value="Anna"
              />
              <div
                            className="input-group-button"
              >
                            <button
                                          className="button"
                                          type="submit"
                            >
                                          Search 
                                          <i
                                                        className="fi-magnifying-glass"
                                          />
                            </button>
              </div>
</div>,
            "id": "search-form",
            "onSubmit": [Function],
          },
          "ref": null,
          "rendered": Object {
            "instance": null,
            "key": undefined,
            "nodeType": "host",
            "props": Object {
              "children": Array [
                <input
                  autoFocus={true}
                  className="input-group-field"
                  id="search-input-field"
                  onChange={[Function]}
                  placeholder="Search..."
                  type="search"
                  value="Anna"
/>,
                <div
                  className="input-group-button"
>
                  <button
                                    className="button"
                                    type="submit"
                  >
                                    Search 
                                    <i
                                                      className="fi-magnifying-glass"
                                    />
                  </button>
</div>,
              ],
              "className": "input-group",
            },
            "ref": null,
            "rendered": Array [
              Object {
                "instance": null,
                "key": undefined,
                "nodeType": "host",
                "props": Object {
                  "autoFocus": true,
                  "className": "input-group-field",
                  "id": "search-input-field",
                  "onChange": [Function],
                  "placeholder": "Search...",
                  "type": "search",
                  "value": "Anna",
                },
                "ref": "searchInput",
                "rendered": null,
                "type": "input",
              },
              Object {
                "instance": null,
                "key": undefined,
                "nodeType": "host",
                "props": Object {
                  "children": <button
                    className="button"
                    type="submit"
>
                    Search 
                    <i
                                        className="fi-magnifying-glass"
                    />
</button>,
                  "className": "input-group-button",
                },
                "ref": null,
                "rendered": Object {
                  "instance": null,
                  "key": undefined,
                  "nodeType": "host",
                  "props": Object {
                    "children": Array [
                      "Search ",
                      <i
                        className="fi-magnifying-glass"
/>,
                    ],
                    "className": "button",
                    "type": "submit",
                  },
                  "ref": null,
                  "rendered": Array [
                    "Search ",
                    Object {
                      "instance": null,
                      "key": undefined,
                      "nodeType": "host",
                      "props": Object {
                        "className": "fi-magnifying-glass",
                      },
                      "ref": null,
                      "rendered": null,
                      "type": "i",
                    },
                  ],
                  "type": "button",
                },
                "type": "div",
              },
            ],
            "type": "div",
          },
          "type": "form",
        },
        "type": "div",
      },
      "type": "div",
    },
  ],
  Symbol(enzyme.__options__): Object {
    "adapter": ReactSixteenAdapter {
      "options": Object {
        "enableComponentDidUpdateOnSetState": true,
        "lifecycles": Object {
          "componentDidUpdate": Object {
            "onSetState": true,
          },
          "getDerivedStateFromProps": true,
          "getSnapshotBeforeUpdate": true,
          "setState": Object {
            "skipsComponentDidUpdateOnNullish": true,
          },
        },
      },
    },
  },
}
`;
